src/actions/auth/login.ts(38,22): error TS2339: Property 'name' does not exist on type '{ password: string | null; id: string; email: string | null; firstName: string | null; lastName: string | null; emailVerified: Date | null; image: string | null; isPasswordChanged: boolean; ... 7 more ...; updatedAt: Date; }'.
src/actions/customer/deleteOrder.ts(35,22): error TS2353: Object literal may only specify known properties, and 'rentalOrderId' does not exist in type 'RentalOrderItemWhereInput'.
src/app/vendor/dashboard/orders/page.tsx(105,123): error TS2339: Property 'name' does not exist on type '{ password: string | null; id: string; email: string | null; firstName: string | null; lastName: string | null; emailVerified: Date | null; image: string | null; isPasswordChanged: boolean; ... 7 more ...; updatedAt: Date; }'.
src/auth.ts(36,32): error TS2339: Property 'firstName' does not exist on type 'User | AdapterUser'.
  Property 'firstName' does not exist on type 'User'.
src/auth.ts(37,31): error TS2339: Property 'lastName' does not exist on type 'User | AdapterUser'.
  Property 'lastName' does not exist on type 'User'.
src/auth.ts(38,28): error TS2339: Property 'phone' does not exist on type 'User | AdapterUser'.
  Property 'phone' does not exist on type 'User'.
