src/actions/auth/login.ts(38,22): error TS2339: Property 'name' does not exist on type '{ password: string | null; id: string; email: string | null; firstName: string | null; lastName: string | null; emailVerified: Date | null; image: string | null; isPasswordChanged: boolean; ... 7 more ...; updatedAt: Date; }'.
src/actions/customer/deleteOrder.ts(35,22): error TS2353: Object literal may only specify known properties, and 'rentalOrderId' does not exist in type 'RentalOrderItemWhereInput'.
src/actions/vendor/customer-actions.ts(24,9): error TS2353: Object literal may only specify known properties, and 'phoneNumber' does not exist in type 'UserSelect<DefaultArgs>'.
src/app/dashboard/vendor/products/new/page.tsx(49,9): error TS2353: Object literal may only specify known properties, and 'salesPrice' does not exist in type '{ name: string; description: string; basePrice: number; costPrice: number; quantity: number; categoryId: string; images: string[]; isPublished: boolean; minRentalPeriod: number; securityDeposit: number; }'.
src/app/vendor/dashboard/orders/page.tsx(105,132): error TS2339: Property 'name' does not exist on type '{ password: string | null; id: string; email: string | null; firstName: string | null; lastName: string | null; emailVerified: Date | null; image: string | null; isPasswordChanged: boolean; ... 7 more ...; updatedAt: Date; }'.
src/components/customer/ProfilePage.tsx(43,33): error TS2339: Property 'firstName' does not exist on type 'User'.
src/components/customer/ProfilePage.tsx(44,32): error TS2339: Property 'lastName' does not exist on type 'User'.
src/components/customer/ProfilePage.tsx(45,29): error TS2339: Property 'phone' does not exist on type 'User'.
src/components/customer/ProfilePage.tsx(123,35): error TS2339: Property 'firstName' does not exist on type 'User'.
src/components/customer/ProfilePage.tsx(123,53): error TS2339: Property 'lastName' does not exist on type 'User'.
src/components/customer/ProfilePage.tsx(124,43): error TS2339: Property 'firstName' does not exist on type 'User'.
src/components/customer/ProfilePage.tsx(124,61): error TS2339: Property 'lastName' does not exist on type 'User'.
src/components/ui/resizable.tsx(12,51): error TS2339: Property 'PanelGroup' does not exist on type 'typeof import("E:/Rental/Leaseo/node_modules/react-resizable-panels/dist/react-resizable-panels")'.
src/components/ui/resizable.tsx(14,25): error TS2339: Property 'PanelGroup' does not exist on type 'typeof import("E:/Rental/Leaseo/node_modules/react-resizable-panels/dist/react-resizable-panels")'.
src/components/ui/resizable.tsx(35,51): error TS2339: Property 'PanelResizeHandle' does not exist on type 'typeof import("E:/Rental/Leaseo/node_modules/react-resizable-panels/dist/react-resizable-panels")'.
src/components/ui/resizable.tsx(39,25): error TS2339: Property 'PanelResizeHandle' does not exist on type 'typeof import("E:/Rental/Leaseo/node_modules/react-resizable-panels/dist/react-resizable-panels")'.
src/components/ui/resizable.tsx(52,26): error TS2339: Property 'PanelResizeHandle' does not exist on type 'typeof import("E:/Rental/Leaseo/node_modules/react-resizable-panels/dist/react-resizable-panels")'.
